0 verbose cli C:\nvm4w\nodejs\node.exe C:\nvm4w\nodejs\node_modules\npm\bin\npm-cli.js
1 info using npm@10.8.2
2 info using node@v18.20.8
3 silly config load:file:C:\Users\raza.ahmed\AppData\Local\nvm\v18.20.8\node_modules\npm\npmrc
4 silly config load:file:D:\New folder\Sarwat-Traders-POS\Backend\.npmrc
5 silly config load:file:C:\Users\raza.ahmed\.npmrc
6 silly config load:file:C:\nvm4w\nodejs\etc\npmrc
7 verbose title npm run test:supplier-ledger
8 verbose argv "--cache" "d:/New folder/Sarwat-Traders-POS/Backend/.npm-cache" "run" "test:supplier-ledger"
9 verbose logfile logs-max:10 dir:d:\New folder\Sarwat-Traders-POS\Backend\.npm-cache\_logs\2026-06-11T06_14_41_247Z-
10 verbose logfile d:\New folder\Sarwat-Traders-POS\Backend\.npm-cache\_logs\2026-06-11T06_14_41_247Z-debug-0.log
11 silly logfile done cleaning log files
12 http fetch GET 200 https://registry.npmjs.org/npm 1157ms
13 verbose cwd D:\New folder\Sarwat-Traders-POS\Backend
14 verbose os Windows_NT 10.0.26200
15 verbose node v18.20.8
16 verbose npm  v10.8.2
17 notice
17 notice New major version of npm available! 10.8.2 -> 11.16.0
17 notice Changelog: https://github.com/npm/cli/releases/tag/v11.16.0
17 notice To update run: npm install -g npm@11.16.0
17 notice  { force: true, [Symbol(proc-log.meta)]: true }
18 verbose exit 0
19 info ok
